[2026-06-19 17:51:56] [INFO] ============================================================
[2026-06-19 17:51:56] [INFO] Reindex Friend Flights - Started
[2026-06-19 17:51:56] [INFO]   Local ES: http://localhost:9200
[2026-06-19 17:51:56] [INFO]   Remote ES: http://100.99.130.69:9200
[2026-06-19 17:51:56] [INFO]   Remote Index: flights
[2026-06-19 17:51:56] [INFO]   Alias: flights-remote
[2026-06-19 17:51:57] [INFO] Remote ES connected: f11df16cc69e (8.11.0)
[2026-06-19 17:51:57] [ERROR] HTTP NotFound on Get http://localhost:9200/_alias/flights-remote

[2026-06-19 17:51:57] [INFO] No existing alias found, starting fresh
[2026-06-19 17:51:57] [INFO]   Current gen: 0 -> New gen: 1 (index: flights-remote-1)
[2026-06-19 17:51:57] [INFO] Fetching remote mapping...
[2026-06-19 17:51:57] [INFO] Created index: flights-remote-1
[2026-06-19 17:51:57] [INFO] Starting reindex from http://100.99.130.69:9200/flights to flights-remote-1 ...
[2026-06-19 17:56:57] [ERROR] HTTP  on Post http://localhost:9200/_reindex?wait_for_completion=true

[2026-06-19 17:56:57] [WARN] Sync reindex timed out, trying async...
[2026-06-19 17:56:57] [INFO] Reindex task: axfaz5_sTGGjhpjz1yE3fg:56265, waiting for completion...
[2026-06-19 17:57:07] [INFO]   Progress: 0 / 622529 docs
[2026-06-19 17:57:17] [INFO]   Progress: 0 / 622529 docs
[2026-06-19 17:57:27] [INFO]   Progress: 0 / 622529 docs
[2026-06-19 17:57:37] [INFO]   Progress: 0 / 622529 docs
[2026-06-19 17:57:47] [INFO]   Progress: 0 / 622529 docs
[2026-06-19 17:57:57] [INFO]   Progress: 0 / 622529 docs
[2026-06-19 17:58:07] [INFO]   Progress: 0 / 622529 docs
[2026-06-19 17:58:17] [INFO]   Progress: 0 / 622529 docs
[2026-06-19 17:58:27] [INFO]   Progress: 0 / 622529 docs
[2026-06-19 17:58:37] [INFO]   Progress: 0 / 622529 docs
[2026-06-19 17:58:47] [INFO]   Progress: 0 / 622529 docs
[2026-06-19 17:58:57] [INFO]   Progress: 0 / 622529 docs
[2026-06-19 17:59:07] [INFO]   Progress: 0 / 622529 docs
[2026-06-19 17:59:17] [INFO]   Progress: 0 / 622529 docs
[2026-06-19 17:59:27] [INFO]   Progress: 0 / 622529 docs
[2026-06-19 17:59:38] [INFO]   Progress: 0 / 622529 docs
[2026-06-19 17:59:48] [INFO]   Progress: 0 / 622529 docs
[2026-06-19 17:59:58] [INFO]   Progress: 0 / 622529 docs
[2026-06-19 18:00:08] [INFO]   Progress: 0 / 622529 docs
[2026-06-19 18:00:18] [INFO]   Progress: 0 / 622529 docs
[2026-06-19 18:00:28] [INFO]   Progress: 0 / 622529 docs
[2026-06-19 18:00:38] [INFO]   Progress: 0 / 622529 docs
[2026-06-19 18:00:48] [INFO]   Progress: 0 / 622529 docs
[2026-06-19 18:00:58] [INFO]   Progress: 0 / 622529 docs
[2026-06-19 18:01:08] [INFO]   Progress: 0 / 622529 docs
[2026-06-19 18:01:18] [INFO]   Progress: 0 / 622529 docs
[2026-06-19 18:01:28] [INFO]   Progress: 0 / 622529 docs
[2026-06-19 18:01:38] [INFO]   Progress: 0 / 622529 docs
[2026-06-19 18:07:39] [INFO] ============================================================
[2026-06-19 18:07:39] [INFO] Reindex Friend Flights - Started
[2026-06-19 18:07:39] [INFO]   Local ES: http://localhost:9200
[2026-06-19 18:07:39] [INFO]   Remote ES: http://100.99.130.69:9200
[2026-06-19 18:07:39] [INFO]   Remote Index: flights
[2026-06-19 18:07:39] [INFO]   Alias: flights-remote
[2026-06-19 18:07:40] [INFO] Remote ES connected: f11df16cc69e (8.11.0)
[2026-06-19 18:07:40] [INFO]   Current gen: 1 -> New gen: 2 (index: flights-remote-2)
[2026-06-19 18:07:40] [INFO] Fetching remote mapping...
[2026-06-19 18:07:41] [INFO] Created index: flights-remote-2
[2026-06-19 18:07:41] [INFO] Starting reindex from http://100.99.130.69:9200/flights to flights-remote-2 ...
[2026-06-19 18:13:02] [INFO] ============================================================
[2026-06-19 18:13:02] [INFO] Reindex Friend Flights - Started
[2026-06-19 18:13:02] [INFO]   Local ES: http://localhost:9200
[2026-06-19 18:13:02] [INFO]   Remote ES: http://100.99.130.69:9200
[2026-06-19 18:13:02] [INFO]   Remote Index: flights
[2026-06-19 18:13:02] [INFO]   Alias: flights-remote
[2026-06-19 18:13:02] [INFO] Remote ES connected: f11df16cc69e (8.11.0)
[2026-06-19 18:13:02] [INFO]   Current gen: 1 -> New gen: 2 (index: flights-remote-2)
[2026-06-19 18:13:02] [INFO] Fetching remote mapping...
[2026-06-19 18:13:02] [ERROR] HTTP BadRequest on Put http://localhost:9200/flights-remote-2

[2026-06-19 18:13:02] [ERROR] Failed to create index flights-remote-2 - aborting
[2026-06-19 18:18:02] [INFO] ============================================================
[2026-06-19 18:18:02] [INFO] Reindex Friend Flights - Started
[2026-06-19 18:18:02] [INFO]   Local ES: http://localhost:9200
[2026-06-19 18:18:02] [INFO]   Remote ES: http://100.99.130.69:9200
[2026-06-19 18:18:02] [INFO]   Remote Index: flights
[2026-06-19 18:18:02] [INFO]   Alias: flights-remote
[2026-06-19 18:18:02] [INFO] Remote ES connected: f11df16cc69e (8.11.0)
[2026-06-19 18:18:03] [INFO]   Current gen: 1 -> New gen: 2 (index: flights-remote-2)
[2026-06-19 18:18:03] [INFO] Fetching remote mapping...
[2026-06-19 18:18:03] [ERROR] HTTP BadRequest on Put http://localhost:9200/flights-remote-2

[2026-06-19 18:18:03] [ERROR] Failed to create index flights-remote-2 - aborting
[2026-06-19 18:23:02] [INFO] ============================================================
[2026-06-19 18:23:02] [INFO] Reindex Friend Flights - Started
[2026-06-19 18:23:02] [INFO]   Local ES: http://localhost:9200
[2026-06-19 18:23:02] [INFO]   Remote ES: http://100.99.130.69:9200
[2026-06-19 18:23:02] [INFO]   Remote Index: flights
[2026-06-19 18:23:02] [INFO]   Alias: flights-remote
[2026-06-19 18:23:02] [INFO] Remote ES connected: f11df16cc69e (8.11.0)
[2026-06-19 18:23:03] [INFO]   Current gen: 1 -> New gen: 2 (index: flights-remote-2)
[2026-06-19 18:23:03] [INFO] Fetching remote mapping...
[2026-06-19 18:23:03] [ERROR] HTTP BadRequest on Put http://localhost:9200/flights-remote-2

[2026-06-19 18:23:03] [ERROR] Failed to create index flights-remote-2 - aborting
[2026-06-19 18:28:02] [INFO] ============================================================
[2026-06-19 18:28:02] [INFO] Reindex Friend Flights - Started
[2026-06-19 18:28:02] [INFO]   Local ES: http://localhost:9200
[2026-06-19 18:28:02] [INFO]   Remote ES: http://100.99.130.69:9200
[2026-06-19 18:28:02] [INFO]   Remote Index: flights
[2026-06-19 18:28:02] [INFO]   Alias: flights-remote
[2026-06-19 18:28:03] [INFO] Remote ES connected: f11df16cc69e (8.11.0)
[2026-06-19 18:28:03] [INFO]   Current gen: 1 -> New gen: 2 (index: flights-remote-2)
[2026-06-19 18:28:03] [INFO] Fetching remote mapping...
[2026-06-19 18:28:03] [ERROR] HTTP BadRequest on Put http://localhost:9200/flights-remote-2

[2026-06-19 18:28:03] [ERROR] Failed to create index flights-remote-2 - aborting
[2026-06-19 18:33:02] [INFO] ============================================================
[2026-06-19 18:33:02] [INFO] Reindex Friend Flights - Started
[2026-06-19 18:33:02] [INFO]   Local ES: http://localhost:9200
[2026-06-19 18:33:02] [INFO]   Remote ES: http://100.99.130.69:9200
[2026-06-19 18:33:02] [INFO]   Remote Index: flights
[2026-06-19 18:33:02] [INFO]   Alias: flights-remote
[2026-06-19 18:33:02] [INFO] Remote ES connected: f11df16cc69e (8.11.0)
[2026-06-19 18:33:02] [INFO]   Current gen: 1 -> New gen: 2 (index: flights-remote-2)
[2026-06-19 18:33:02] [INFO] Fetching remote mapping...
[2026-06-19 18:33:02] [ERROR] HTTP BadRequest on Put http://localhost:9200/flights-remote-2

[2026-06-19 18:33:02] [ERROR] Failed to create index flights-remote-2 - aborting
[2026-06-19 18:38:02] [INFO] ============================================================
[2026-06-19 18:38:02] [INFO] Reindex Friend Flights - Started
[2026-06-19 18:38:02] [INFO]   Local ES: http://localhost:9200
[2026-06-19 18:38:02] [INFO]   Remote ES: http://100.99.130.69:9200
[2026-06-19 18:38:02] [INFO]   Remote Index: flights
[2026-06-19 18:38:02] [INFO]   Alias: flights-remote
[2026-06-19 18:38:02] [INFO] Remote ES connected: f11df16cc69e (8.11.0)
[2026-06-19 18:38:02] [INFO]   Current gen: 1 -> New gen: 2 (index: flights-remote-2)
[2026-06-19 18:38:02] [INFO] Fetching remote mapping...
[2026-06-19 18:38:02] [ERROR] HTTP BadRequest on Put http://localhost:9200/flights-remote-2

[2026-06-19 18:38:02] [ERROR] Failed to create index flights-remote-2 - aborting
[2026-06-19 18:43:02] [INFO] ============================================================
[2026-06-19 18:43:02] [INFO] Reindex Friend Flights - Started
[2026-06-19 18:43:02] [INFO]   Local ES: http://localhost:9200
[2026-06-19 18:43:02] [INFO]   Remote ES: http://100.99.130.69:9200
[2026-06-19 18:43:02] [INFO]   Remote Index: flights
[2026-06-19 18:43:02] [INFO]   Alias: flights-remote
[2026-06-19 18:43:03] [INFO] Remote ES connected: f11df16cc69e (8.11.0)
[2026-06-19 18:43:03] [INFO]   Current gen: 1 -> New gen: 2 (index: flights-remote-2)
[2026-06-19 18:43:03] [INFO] Fetching remote mapping...
[2026-06-19 18:43:03] [ERROR] HTTP BadRequest on Put http://localhost:9200/flights-remote-2

[2026-06-19 18:43:03] [ERROR] Failed to create index flights-remote-2 - aborting
[2026-06-19 18:48:02] [INFO] ============================================================
[2026-06-19 18:48:02] [INFO] Reindex Friend Flights - Started
[2026-06-19 18:48:02] [INFO]   Local ES: http://localhost:9200
[2026-06-19 18:48:02] [INFO]   Remote ES: http://100.99.130.69:9200
[2026-06-19 18:48:02] [INFO]   Remote Index: flights
[2026-06-19 18:48:02] [INFO]   Alias: flights-remote
[2026-06-19 18:48:02] [INFO] Remote ES connected: f11df16cc69e (8.11.0)
[2026-06-19 18:48:02] [INFO]   Current gen: 1 -> New gen: 2 (index: flights-remote-2)
[2026-06-19 18:48:02] [INFO] Fetching remote mapping...
[2026-06-19 18:48:03] [ERROR] HTTP BadRequest on Put http://localhost:9200/flights-remote-2

[2026-06-19 18:48:03] [ERROR] Failed to create index flights-remote-2 - aborting
[2026-06-19 18:53:02] [INFO] ============================================================
[2026-06-19 18:53:02] [INFO] Reindex Friend Flights - Started
[2026-06-19 18:53:02] [INFO]   Local ES: http://localhost:9200
[2026-06-19 18:53:02] [INFO]   Remote ES: http://100.99.130.69:9200
[2026-06-19 18:53:02] [INFO]   Remote Index: flights
[2026-06-19 18:53:02] [INFO]   Alias: flights-remote
[2026-06-19 18:53:02] [INFO] Remote ES connected: f11df16cc69e (8.11.0)
[2026-06-19 18:53:02] [INFO]   Current gen: 1 -> New gen: 2 (index: flights-remote-2)
[2026-06-19 18:53:02] [INFO] Fetching remote mapping...
[2026-06-19 18:53:02] [ERROR] HTTP BadRequest on Put http://localhost:9200/flights-remote-2

[2026-06-19 18:53:02] [ERROR] Failed to create index flights-remote-2 - aborting
[2026-06-19 18:58:01] [INFO] ============================================================
[2026-06-19 18:58:02] [INFO] Reindex Friend Flights - Started
[2026-06-19 18:58:02] [INFO]   Local ES: http://localhost:9200
[2026-06-19 18:58:02] [INFO]   Remote ES: http://100.99.130.69:9200
[2026-06-19 18:58:02] [INFO]   Remote Index: flights
[2026-06-19 18:58:02] [INFO]   Alias: flights-remote
[2026-06-19 18:58:02] [INFO] Remote ES connected: f11df16cc69e (8.11.0)
[2026-06-19 18:58:02] [INFO]   Current gen: 1 -> New gen: 2 (index: flights-remote-2)
[2026-06-19 18:58:02] [INFO] Fetching remote mapping...
[2026-06-19 18:58:03] [ERROR] HTTP BadRequest on Put http://localhost:9200/flights-remote-2

[2026-06-19 18:58:03] [ERROR] Failed to create index flights-remote-2 - aborting
[2026-06-19 19:03:02] [INFO] ============================================================
[2026-06-19 19:03:02] [INFO] Reindex Friend Flights - Started
[2026-06-19 19:03:02] [INFO]   Local ES: http://localhost:9200
[2026-06-19 19:03:02] [INFO]   Remote ES: http://100.99.130.69:9200
[2026-06-19 19:03:02] [INFO]   Remote Index: flights
[2026-06-19 19:03:02] [INFO]   Alias: flights-remote
[2026-06-19 19:03:02] [INFO] Remote ES connected: f11df16cc69e (8.11.0)
[2026-06-19 19:03:02] [INFO]   Current gen: 1 -> New gen: 2 (index: flights-remote-2)
[2026-06-19 19:03:02] [INFO] Fetching remote mapping...
[2026-06-19 19:03:03] [ERROR] HTTP BadRequest on Put http://localhost:9200/flights-remote-2

[2026-06-19 19:03:03] [ERROR] Failed to create index flights-remote-2 - aborting
[2026-06-19 19:08:02] [INFO] ============================================================
[2026-06-19 19:08:02] [INFO] Reindex Friend Flights - Started
[2026-06-19 19:08:02] [INFO]   Local ES: http://localhost:9200
[2026-06-19 19:08:02] [INFO]   Remote ES: http://100.99.130.69:9200
[2026-06-19 19:08:02] [INFO]   Remote Index: flights
[2026-06-19 19:08:02] [INFO]   Alias: flights-remote
[2026-06-19 19:08:03] [INFO] Remote ES connected: f11df16cc69e (8.11.0)
[2026-06-19 19:08:03] [INFO]   Current gen: 1 -> New gen: 2 (index: flights-remote-2)
[2026-06-19 19:08:03] [INFO] Fetching remote mapping...
[2026-06-19 19:08:03] [ERROR] HTTP BadRequest on Put http://localhost:9200/flights-remote-2

[2026-06-19 19:08:03] [ERROR] Failed to create index flights-remote-2 - aborting
[2026-06-19 19:13:02] [INFO] ============================================================
[2026-06-19 19:13:02] [INFO] Reindex Friend Flights - Started
[2026-06-19 19:13:02] [INFO]   Local ES: http://localhost:9200
[2026-06-19 19:13:02] [INFO]   Remote ES: http://100.99.130.69:9200
[2026-06-19 19:13:02] [INFO]   Remote Index: flights
[2026-06-19 19:13:02] [INFO]   Alias: flights-remote
[2026-06-19 19:13:04] [INFO] Remote ES connected: f11df16cc69e (8.11.0)
[2026-06-19 19:13:04] [INFO]   Current gen: 1 -> New gen: 2 (index: flights-remote-2)
[2026-06-19 19:13:04] [INFO] Fetching remote mapping...
[2026-06-19 19:13:05] [ERROR] HTTP BadRequest on Put http://localhost:9200/flights-remote-2

[2026-06-19 19:13:05] [ERROR] Failed to create index flights-remote-2 - aborting
[2026-06-19 19:18:02] [INFO] ============================================================
[2026-06-19 19:18:02] [INFO] Reindex Friend Flights - Started
[2026-06-19 19:18:02] [INFO]   Local ES: http://localhost:9200
[2026-06-19 19:18:02] [INFO]   Remote ES: http://100.99.130.69:9200
[2026-06-19 19:18:02] [INFO]   Remote Index: flights
[2026-06-19 19:18:02] [INFO]   Alias: flights-remote
[2026-06-19 19:18:02] [INFO] Remote ES connected: f11df16cc69e (8.11.0)
[2026-06-19 19:18:02] [INFO]   Current gen: 1 -> New gen: 2 (index: flights-remote-2)
[2026-06-19 19:18:02] [INFO] Fetching remote mapping...
[2026-06-19 19:18:02] [ERROR] HTTP BadRequest on Put http://localhost:9200/flights-remote-2

[2026-06-19 19:18:02] [ERROR] Failed to create index flights-remote-2 - aborting
[2026-06-19 19:23:02] [INFO] ============================================================
[2026-06-19 19:23:02] [INFO] Reindex Friend Flights - Started
[2026-06-19 19:23:02] [INFO]   Local ES: http://localhost:9200
[2026-06-19 19:23:02] [INFO]   Remote ES: http://100.99.130.69:9200
[2026-06-19 19:23:02] [INFO]   Remote Index: flights
[2026-06-19 19:23:02] [INFO]   Alias: flights-remote
[2026-06-19 19:23:03] [INFO] Remote ES connected: f11df16cc69e (8.11.0)
[2026-06-19 19:23:03] [INFO]   Current gen: 1 -> New gen: 2 (index: flights-remote-2)
[2026-06-19 19:23:03] [INFO] Fetching remote mapping...
[2026-06-19 19:23:03] [ERROR] HTTP BadRequest on Put http://localhost:9200/flights-remote-2

[2026-06-19 19:23:03] [ERROR] Failed to create index flights-remote-2 - aborting
[2026-06-19 19:28:02] [INFO] ============================================================
[2026-06-19 19:28:02] [INFO] Reindex Friend Flights - Started
[2026-06-19 19:28:02] [INFO]   Local ES: http://localhost:9200
[2026-06-19 19:28:02] [INFO]   Remote ES: http://100.99.130.69:9200
[2026-06-19 19:28:02] [INFO]   Remote Index: flights
[2026-06-19 19:28:02] [INFO]   Alias: flights-remote
[2026-06-19 19:28:02] [INFO] Remote ES connected: f11df16cc69e (8.11.0)
[2026-06-19 19:28:02] [INFO]   Current gen: 1 -> New gen: 2 (index: flights-remote-2)
[2026-06-19 19:28:02] [INFO] Fetching remote mapping...
[2026-06-19 19:28:03] [ERROR] HTTP BadRequest on Put http://localhost:9200/flights-remote-2

[2026-06-19 19:28:03] [ERROR] Failed to create index flights-remote-2 - aborting
[2026-06-19 19:33:02] [INFO] ============================================================
[2026-06-19 19:33:02] [INFO] Reindex Friend Flights - Started
[2026-06-19 19:33:02] [INFO]   Local ES: http://localhost:9200
[2026-06-19 19:33:02] [INFO]   Remote ES: http://100.99.130.69:9200
[2026-06-19 19:33:02] [INFO]   Remote Index: flights
[2026-06-19 19:33:02] [INFO]   Alias: flights-remote
[2026-06-19 19:33:02] [INFO] Remote ES connected: f11df16cc69e (8.11.0)
[2026-06-19 19:33:02] [INFO]   Current gen: 1 -> New gen: 2 (index: flights-remote-2)
[2026-06-19 19:33:02] [INFO] Fetching remote mapping...
[2026-06-19 19:33:02] [ERROR] HTTP BadRequest on Put http://localhost:9200/flights-remote-2

[2026-06-19 19:33:02] [ERROR] Failed to create index flights-remote-2 - aborting
[2026-06-19 19:38:02] [INFO] ============================================================
[2026-06-19 19:38:02] [INFO] Reindex Friend Flights - Started
[2026-06-19 19:38:02] [INFO]   Local ES: http://localhost:9200
[2026-06-19 19:38:02] [INFO]   Remote ES: http://100.99.130.69:9200
[2026-06-19 19:38:02] [INFO]   Remote Index: flights
[2026-06-19 19:38:02] [INFO]   Alias: flights-remote
[2026-06-19 19:38:02] [INFO] Remote ES connected: f11df16cc69e (8.11.0)
[2026-06-19 19:38:02] [INFO]   Current gen: 1 -> New gen: 2 (index: flights-remote-2)
[2026-06-19 19:38:02] [INFO] Fetching remote mapping...
[2026-06-19 19:38:02] [ERROR] HTTP BadRequest on Put http://localhost:9200/flights-remote-2

[2026-06-19 19:38:02] [ERROR] Failed to create index flights-remote-2 - aborting
[2026-06-19 19:43:01] [INFO] ============================================================
[2026-06-19 19:43:01] [INFO] Reindex Friend Flights - Started
[2026-06-19 19:43:01] [INFO]   Local ES: http://localhost:9200
[2026-06-19 19:43:02] [INFO]   Remote ES: http://100.99.130.69:9200
[2026-06-19 19:43:02] [INFO]   Remote Index: flights
[2026-06-19 19:43:02] [INFO]   Alias: flights-remote
[2026-06-19 19:43:02] [INFO] Remote ES connected: f11df16cc69e (8.11.0)
[2026-06-19 19:43:02] [INFO]   Current gen: 1 -> New gen: 2 (index: flights-remote-2)
[2026-06-19 19:43:02] [INFO] Fetching remote mapping...
[2026-06-19 19:43:02] [ERROR] HTTP BadRequest on Put http://localhost:9200/flights-remote-2

[2026-06-19 19:43:02] [ERROR] Failed to create index flights-remote-2 - aborting
[2026-06-19 19:44:47] [INFO] ============================================================
[2026-06-19 19:44:47] [INFO] Reindex Friend Flights - Started
[2026-06-19 19:44:47] [INFO]   Local ES: http://localhost:9200
[2026-06-19 19:44:47] [INFO]   Remote ES: http://100.99.130.69:9200
[2026-06-19 19:44:47] [INFO]   Remote Index: flights
[2026-06-19 19:44:47] [INFO]   Alias: flights-remote
[2026-06-19 19:44:47] [INFO] Remote ES connected: f11df16cc69e (8.11.0)
[2026-06-19 19:44:47] [INFO]   Current gen: 1 -> New gen: 2 (index: flights-remote-2)
[2026-06-19 19:44:47] [INFO] Fetching remote mapping...
[2026-06-19 19:44:47] [ERROR] HTTP NotFound on Get http://localhost:9200/flights-remote-2

[2026-06-19 19:44:48] [INFO] Created index: flights-remote-2
[2026-06-19 19:44:48] [INFO] Starting reindex from http://100.99.130.69:9200/flights to flights-remote-2 ...
[2026-06-19 19:48:01] [INFO] ============================================================
[2026-06-19 19:48:02] [INFO] Reindex Friend Flights - Started
[2026-06-19 19:48:02] [INFO]   Local ES: http://localhost:9200
[2026-06-19 19:48:02] [INFO]   Remote ES: http://100.99.130.69:9200
[2026-06-19 19:48:02] [INFO]   Remote Index: flights
[2026-06-19 19:48:02] [INFO]   Alias: flights-remote
[2026-06-19 19:48:02] [INFO] Remote ES connected: f11df16cc69e (8.11.0)
[2026-06-19 19:48:02] [INFO]   Current gen: 1 -> New gen: 2 (index: flights-remote-2)
[2026-06-19 19:48:02] [INFO] Fetching remote mapping...
[2026-06-19 19:48:02] [WARN] Index flights-remote-2 already exists, deleting...
[2026-06-19 19:48:02] [INFO] Deleted old flights-remote-2
[2026-06-19 19:48:02] [INFO] Created index: flights-remote-2
[2026-06-19 19:48:02] [INFO] Starting reindex from http://100.99.130.69:9200/flights to flights-remote-2 ...
[2026-06-19 19:56:45] [INFO] Reindex complete: ~0 documents
[2026-06-19 19:56:45] [INFO] Verified: 850000 documents in flights-remote-2
[2026-06-19 19:56:45] [INFO] Swapping alias 'flights-remote' ...
[2026-06-19 19:56:45] [INFO] Alias 'flights-remote' -> 'flights-remote-2'
[2026-06-19 19:56:46] [INFO] Deleted old index: flights-remote-1
[2026-06-19 19:56:46] [INFO] SUCCESS: Reindexed 850000 docs to flights-remote-2 (alias: flights-remote)
[2026-06-19 19:56:46] [INFO] ============================================================
[2026-06-19 19:56:46] [INFO] 
[2026-06-19 19:58:02] [INFO] ============================================================
[2026-06-19 19:58:02] [INFO] Reindex Friend Flights - Started
[2026-06-19 19:58:02] [INFO]   Local ES: http://localhost:9200
[2026-06-19 19:58:02] [INFO]   Remote ES: http://100.99.130.69:9200
[2026-06-19 19:58:02] [INFO]   Remote Index: flights
[2026-06-19 19:58:02] [INFO]   Alias: flights-remote
[2026-06-19 19:58:02] [INFO] Remote ES connected: f11df16cc69e (8.11.0)
[2026-06-19 19:58:02] [INFO]   Current gen: 2 -> New gen: 3 (index: flights-remote-3)
[2026-06-19 19:58:02] [INFO] Fetching remote mapping...
[2026-06-19 19:58:02] [ERROR] HTTP NotFound on Get http://localhost:9200/flights-remote-3

[2026-06-19 19:58:02] [INFO] Created index: flights-remote-3
[2026-06-19 19:58:02] [INFO] Starting reindex from http://100.99.130.69:9200/flights to flights-remote-3 ...
[2026-06-19 21:42:17] [INFO] ============================================================
[2026-06-19 21:42:17] [INFO] Reindex Friend Flights - Started
[2026-06-19 21:42:17] [INFO]   Local ES: http://localhost:9200
[2026-06-19 21:42:17] [INFO]   Remote ES: http://100.99.130.69:9200
[2026-06-19 21:42:17] [INFO]   Remote Index: flights
[2026-06-19 21:42:17] [INFO]   Alias: flights-remote
[2026-06-19 21:42:39] [ERROR] HTTP  on Get http://100.99.130.69:9200/

[2026-06-19 21:42:39] [WARN] Remote ES not reachable - skipping this cycle
[2026-06-19 21:43:02] [INFO] ============================================================
[2026-06-19 21:43:02] [INFO] Reindex Friend Flights - Started
[2026-06-19 21:43:02] [INFO]   Local ES: http://localhost:9200
[2026-06-19 21:43:02] [INFO]   Remote ES: http://100.99.130.69:9200
[2026-06-19 21:43:02] [INFO]   Remote Index: flights
[2026-06-19 21:43:02] [INFO]   Alias: flights-remote
[2026-06-19 21:43:23] [ERROR] HTTP  on Get http://100.99.130.69:9200/

[2026-06-19 21:43:23] [WARN] Remote ES not reachable - skipping this cycle
[2026-06-19 21:48:02] [INFO] ============================================================
[2026-06-19 21:48:02] [INFO] Reindex Friend Flights - Started
[2026-06-19 21:48:02] [INFO]   Local ES: http://localhost:9200
[2026-06-19 21:48:02] [INFO]   Remote ES: http://100.99.130.69:9200
[2026-06-19 21:48:02] [INFO]   Remote Index: flights
[2026-06-19 21:48:02] [INFO]   Alias: flights-remote
[2026-06-19 21:48:23] [ERROR] HTTP  on Get http://100.99.130.69:9200/

[2026-06-19 21:48:23] [WARN] Remote ES not reachable - skipping this cycle
[2026-06-19 21:53:01] [INFO] ============================================================
[2026-06-19 21:53:02] [INFO] Reindex Friend Flights - Started
[2026-06-19 21:53:02] [INFO]   Local ES: http://localhost:9200
[2026-06-19 21:53:02] [INFO]   Remote ES: http://100.99.130.69:9200
[2026-06-19 21:53:02] [INFO]   Remote Index: flights
[2026-06-19 21:53:02] [INFO]   Alias: flights-remote
[2026-06-19 21:53:23] [ERROR] HTTP  on Get http://100.99.130.69:9200/

[2026-06-19 21:53:23] [WARN] Remote ES not reachable - skipping this cycle
[2026-06-19 21:58:01] [INFO] ============================================================
[2026-06-19 21:58:01] [INFO] Reindex Friend Flights - Started
[2026-06-19 21:58:01] [INFO]   Local ES: http://localhost:9200
[2026-06-19 21:58:01] [INFO]   Remote ES: http://100.99.130.69:9200
[2026-06-19 21:58:01] [INFO]   Remote Index: flights
[2026-06-19 21:58:01] [INFO]   Alias: flights-remote
[2026-06-19 21:58:23] [ERROR] HTTP  on Get http://100.99.130.69:9200/

[2026-06-19 21:58:23] [WARN] Remote ES not reachable - skipping this cycle
[2026-06-19 22:03:01] [INFO] ============================================================
[2026-06-19 22:03:01] [INFO] Reindex Friend Flights - Started
[2026-06-19 22:03:01] [INFO]   Local ES: http://localhost:9200
[2026-06-19 22:03:01] [INFO]   Remote ES: http://100.99.130.69:9200
[2026-06-19 22:03:01] [INFO]   Remote Index: flights
[2026-06-19 22:03:01] [INFO]   Alias: flights-remote
[2026-06-19 22:03:22] [ERROR] HTTP  on Get http://100.99.130.69:9200/

[2026-06-19 22:03:23] [WARN] Remote ES not reachable - skipping this cycle
[2026-06-19 22:08:01] [INFO] ============================================================
[2026-06-19 22:08:01] [INFO] Reindex Friend Flights - Started
[2026-06-19 22:08:01] [INFO]   Local ES: http://localhost:9200
[2026-06-19 22:08:01] [INFO]   Remote ES: http://100.99.130.69:9200
[2026-06-19 22:08:01] [INFO]   Remote Index: flights
[2026-06-19 22:08:01] [INFO]   Alias: flights-remote
[2026-06-19 22:08:23] [ERROR] HTTP  on Get http://100.99.130.69:9200/

[2026-06-19 22:08:23] [WARN] Remote ES not reachable - skipping this cycle
[2026-06-19 22:13:01] [INFO] ============================================================
[2026-06-19 22:13:01] [INFO] Reindex Friend Flights - Started
[2026-06-19 22:13:01] [INFO]   Local ES: http://localhost:9200
[2026-06-19 22:13:01] [INFO]   Remote ES: http://100.99.130.69:9200
[2026-06-19 22:13:01] [INFO]   Remote Index: flights
[2026-06-19 22:13:01] [INFO]   Alias: flights-remote
[2026-06-19 22:13:23] [ERROR] HTTP  on Get http://100.99.130.69:9200/

[2026-06-19 22:13:23] [WARN] Remote ES not reachable - skipping this cycle
[2026-06-19 22:18:01] [INFO] ============================================================
[2026-06-19 22:18:01] [INFO] Reindex Friend Flights - Started
[2026-06-19 22:18:01] [INFO]   Local ES: http://localhost:9200
[2026-06-19 22:18:01] [INFO]   Remote ES: http://100.99.130.69:9200
[2026-06-19 22:18:01] [INFO]   Remote Index: flights
[2026-06-19 22:18:01] [INFO]   Alias: flights-remote
[2026-06-19 22:18:23] [ERROR] HTTP  on Get http://100.99.130.69:9200/

[2026-06-19 22:18:23] [WARN] Remote ES not reachable - skipping this cycle
[2026-06-19 22:23:01] [INFO] ============================================================
[2026-06-19 22:23:01] [INFO] Reindex Friend Flights - Started
[2026-06-19 22:23:01] [INFO]   Local ES: http://localhost:9200
[2026-06-19 22:23:01] [INFO]   Remote ES: http://100.99.130.69:9200
[2026-06-19 22:23:01] [INFO]   Remote Index: flights
[2026-06-19 22:23:01] [INFO]   Alias: flights-remote
[2026-06-19 22:23:23] [ERROR] HTTP  on Get http://100.99.130.69:9200/

[2026-06-19 22:23:23] [WARN] Remote ES not reachable - skipping this cycle
[2026-06-19 22:28:01] [INFO] ============================================================
[2026-06-19 22:28:01] [INFO] Reindex Friend Flights - Started
[2026-06-19 22:28:01] [INFO]   Local ES: http://localhost:9200
[2026-06-19 22:28:01] [INFO]   Remote ES: http://100.99.130.69:9200
[2026-06-19 22:28:01] [INFO]   Remote Index: flights
[2026-06-19 22:28:01] [INFO]   Alias: flights-remote
[2026-06-19 22:28:23] [ERROR] HTTP  on Get http://100.99.130.69:9200/

[2026-06-19 22:28:23] [WARN] Remote ES not reachable - skipping this cycle
[2026-06-19 22:33:01] [INFO] ============================================================
[2026-06-19 22:33:01] [INFO] Reindex Friend Flights - Started
[2026-06-19 22:33:01] [INFO]   Local ES: http://localhost:9200
[2026-06-19 22:33:01] [INFO]   Remote ES: http://100.99.130.69:9200
[2026-06-19 22:33:01] [INFO]   Remote Index: flights
[2026-06-19 22:33:01] [INFO]   Alias: flights-remote
[2026-06-19 22:33:23] [ERROR] HTTP  on Get http://100.99.130.69:9200/

[2026-06-19 22:33:23] [WARN] Remote ES not reachable - skipping this cycle
[2026-06-19 22:38:01] [INFO] ============================================================
[2026-06-19 22:38:01] [INFO] Reindex Friend Flights - Started
[2026-06-19 22:38:01] [INFO]   Local ES: http://localhost:9200
[2026-06-19 22:38:01] [INFO]   Remote ES: http://100.99.130.69:9200
[2026-06-19 22:38:01] [INFO]   Remote Index: flights
[2026-06-19 22:38:01] [INFO]   Alias: flights-remote
[2026-06-19 22:38:23] [ERROR] HTTP  on Get http://100.99.130.69:9200/

[2026-06-19 22:38:23] [WARN] Remote ES not reachable - skipping this cycle
[2026-06-19 22:43:02] [INFO] ============================================================
[2026-06-19 22:43:02] [INFO] Reindex Friend Flights - Started
[2026-06-19 22:43:02] [INFO]   Local ES: http://localhost:9200
[2026-06-19 22:43:02] [INFO]   Remote ES: http://100.99.130.69:9200
[2026-06-19 22:43:02] [INFO]   Remote Index: flights
[2026-06-19 22:43:02] [INFO]   Alias: flights-remote
[2026-06-19 22:43:23] [ERROR] HTTP  on Get http://100.99.130.69:9200/

[2026-06-19 22:43:23] [WARN] Remote ES not reachable - skipping this cycle
[2026-06-19 22:48:02] [INFO] ============================================================
[2026-06-19 22:48:02] [INFO] Reindex Friend Flights - Started
[2026-06-19 22:48:02] [INFO]   Local ES: http://localhost:9200
[2026-06-19 22:48:02] [INFO]   Remote ES: http://100.99.130.69:9200
[2026-06-19 22:48:02] [INFO]   Remote Index: flights
[2026-06-19 22:48:02] [INFO]   Alias: flights-remote
[2026-06-19 22:48:23] [ERROR] HTTP  on Get http://100.99.130.69:9200/

[2026-06-19 22:48:23] [WARN] Remote ES not reachable - skipping this cycle
[2026-06-19 22:53:02] [INFO] ============================================================
[2026-06-19 22:53:02] [INFO] Reindex Friend Flights - Started
[2026-06-19 22:53:02] [INFO]   Local ES: http://localhost:9200
[2026-06-19 22:53:02] [INFO]   Remote ES: http://100.99.130.69:9200
[2026-06-19 22:53:02] [INFO]   Remote Index: flights
[2026-06-19 22:53:02] [INFO]   Alias: flights-remote
[2026-06-19 22:53:23] [ERROR] HTTP  on Get http://100.99.130.69:9200/

[2026-06-19 22:53:23] [WARN] Remote ES not reachable - skipping this cycle
[2026-06-19 22:58:02] [INFO] ============================================================
[2026-06-19 22:58:02] [INFO] Reindex Friend Flights - Started
[2026-06-19 22:58:02] [INFO]   Local ES: http://localhost:9200
[2026-06-19 22:58:02] [INFO]   Remote ES: http://100.99.130.69:9200
[2026-06-19 22:58:02] [INFO]   Remote Index: flights
[2026-06-19 22:58:02] [INFO]   Alias: flights-remote
[2026-06-19 22:58:23] [ERROR] HTTP  on Get http://100.99.130.69:9200/

[2026-06-19 22:58:23] [WARN] Remote ES not reachable - skipping this cycle
[2026-06-19 23:03:01] [INFO] ============================================================
[2026-06-19 23:03:02] [INFO] Reindex Friend Flights - Started
[2026-06-19 23:03:02] [INFO]   Local ES: http://localhost:9200
[2026-06-19 23:03:02] [INFO]   Remote ES: http://100.99.130.69:9200
[2026-06-19 23:03:02] [INFO]   Remote Index: flights
[2026-06-19 23:03:02] [INFO]   Alias: flights-remote
[2026-06-19 23:03:23] [ERROR] HTTP  on Get http://100.99.130.69:9200/

[2026-06-19 23:03:23] [WARN] Remote ES not reachable - skipping this cycle
[2026-06-19 23:08:01] [INFO] ============================================================
[2026-06-19 23:08:01] [INFO] Reindex Friend Flights - Started
[2026-06-19 23:08:01] [INFO]   Local ES: http://localhost:9200
[2026-06-19 23:08:01] [INFO]   Remote ES: http://100.99.130.69:9200
[2026-06-19 23:08:01] [INFO]   Remote Index: flights
[2026-06-19 23:08:01] [INFO]   Alias: flights-remote
[2026-06-19 23:08:23] [ERROR] HTTP  on Get http://100.99.130.69:9200/

[2026-06-19 23:08:23] [WARN] Remote ES not reachable - skipping this cycle
[2026-06-19 23:53:03] [INFO] ============================================================
[2026-06-19 23:53:03] [INFO] Reindex Friend Flights - Started
[2026-06-19 23:53:03] [INFO]   Local ES: http://localhost:9200
[2026-06-19 23:53:03] [INFO]   Remote ES: http://100.99.130.69:9200
[2026-06-19 23:53:03] [INFO]   Remote Index: flights
[2026-06-19 23:53:03] [INFO]   Alias: flights-remote
[2026-06-19 23:53:25] [ERROR] HTTP  on Get http://100.99.130.69:9200/

[2026-06-19 23:53:25] [WARN] Remote ES not reachable - skipping this cycle
[2026-06-19 23:58:03] [INFO] ============================================================
[2026-06-19 23:58:03] [INFO] Reindex Friend Flights - Started
[2026-06-19 23:58:03] [INFO]   Local ES: http://localhost:9200
[2026-06-19 23:58:03] [INFO]   Remote ES: http://100.99.130.69:9200
[2026-06-19 23:58:03] [INFO]   Remote Index: flights
[2026-06-19 23:58:03] [INFO]   Alias: flights-remote
[2026-06-19 23:58:24] [ERROR] HTTP  on Get http://100.99.130.69:9200/

[2026-06-19 23:58:24] [WARN] Remote ES not reachable - skipping this cycle
[2026-06-20 00:03:03] [INFO] ============================================================
[2026-06-20 00:03:03] [INFO] Reindex Friend Flights - Started
[2026-06-20 00:03:03] [INFO]   Local ES: http://localhost:9200
[2026-06-20 00:03:03] [INFO]   Remote ES: http://100.99.130.69:9200
[2026-06-20 00:03:03] [INFO]   Remote Index: flights
[2026-06-20 00:03:03] [INFO]   Alias: flights-remote
[2026-06-20 00:03:24] [ERROR] HTTP  on Get http://100.99.130.69:9200/

[2026-06-20 00:03:24] [WARN] Remote ES not reachable - skipping this cycle
[2026-06-20 00:08:02] [INFO] ============================================================
[2026-06-20 00:08:02] [INFO] Reindex Friend Flights - Started
[2026-06-20 00:08:02] [INFO]   Local ES: http://localhost:9200
[2026-06-20 00:08:02] [INFO]   Remote ES: http://100.99.130.69:9200
[2026-06-20 00:08:02] [INFO]   Remote Index: flights
[2026-06-20 00:08:02] [INFO]   Alias: flights-remote
[2026-06-20 00:08:24] [ERROR] HTTP  on Get http://100.99.130.69:9200/

[2026-06-20 00:08:24] [WARN] Remote ES not reachable - skipping this cycle
[2026-06-20 00:13:02] [INFO] ============================================================
[2026-06-20 00:13:02] [INFO] Reindex Friend Flights - Started
[2026-06-20 00:13:02] [INFO]   Local ES: http://localhost:9200
[2026-06-20 00:13:02] [INFO]   Remote ES: http://100.99.130.69:9200
[2026-06-20 00:13:02] [INFO]   Remote Index: flights
[2026-06-20 00:13:02] [INFO]   Alias: flights-remote
[2026-06-20 00:13:24] [ERROR] HTTP  on Get http://100.99.130.69:9200/

[2026-06-20 00:13:24] [WARN] Remote ES not reachable - skipping this cycle
[2026-06-20 00:18:02] [INFO] ============================================================
[2026-06-20 00:18:02] [INFO] Reindex Friend Flights - Started
[2026-06-20 00:18:02] [INFO]   Local ES: http://localhost:9200
[2026-06-20 00:18:02] [INFO]   Remote ES: http://100.99.130.69:9200
[2026-06-20 00:18:02] [INFO]   Remote Index: flights
[2026-06-20 00:18:02] [INFO]   Alias: flights-remote
[2026-06-20 00:18:23] [ERROR] HTTP  on Get http://100.99.130.69:9200/

[2026-06-20 00:18:23] [WARN] Remote ES not reachable - skipping this cycle
[2026-06-20 00:23:01] [INFO] ============================================================
[2026-06-20 00:23:01] [INFO] Reindex Friend Flights - Started
[2026-06-20 00:23:01] [INFO]   Local ES: http://localhost:9200
[2026-06-20 00:23:01] [INFO]   Remote ES: http://100.99.130.69:9200
[2026-06-20 00:23:01] [INFO]   Remote Index: flights
[2026-06-20 00:23:01] [INFO]   Alias: flights-remote
[2026-06-20 00:23:22] [ERROR] HTTP  on Get http://100.99.130.69:9200/

[2026-06-20 00:23:22] [WARN] Remote ES not reachable - skipping this cycle
[2026-06-20 00:28:01] [INFO] ============================================================
[2026-06-20 00:28:01] [INFO] Reindex Friend Flights - Started
[2026-06-20 00:28:01] [INFO]   Local ES: http://localhost:9200
[2026-06-20 00:28:01] [INFO]   Remote ES: http://100.99.130.69:9200
[2026-06-20 00:28:01] [INFO]   Remote Index: flights
[2026-06-20 00:28:01] [INFO]   Alias: flights-remote
[2026-06-20 00:28:22] [ERROR] HTTP  on Get http://100.99.130.69:9200/

[2026-06-20 00:28:23] [WARN] Remote ES not reachable - skipping this cycle
[2026-06-20 00:33:01] [INFO] ============================================================
[2026-06-20 00:33:01] [INFO] Reindex Friend Flights - Started
[2026-06-20 00:33:01] [INFO]   Local ES: http://localhost:9200
[2026-06-20 00:33:01] [INFO]   Remote ES: http://100.99.130.69:9200
[2026-06-20 00:33:01] [INFO]   Remote Index: flights
[2026-06-20 00:33:01] [INFO]   Alias: flights-remote
[2026-06-20 00:33:22] [ERROR] HTTP  on Get http://100.99.130.69:9200/

[2026-06-20 00:33:22] [WARN] Remote ES not reachable - skipping this cycle
[2026-06-20 07:28:23] [INFO] ============================================================
[2026-06-20 07:28:23] [INFO] Reindex Friend Flights - Started
[2026-06-20 07:28:23] [INFO]   Local ES: http://localhost:9200
[2026-06-20 07:28:23] [INFO]   Remote ES: http://100.99.130.69:9200
[2026-06-20 07:28:23] [INFO]   Remote Index: flights
[2026-06-20 07:28:23] [INFO]   Alias: flights-remote
[2026-06-20 07:28:45] [ERROR] HTTP  on Get http://100.99.130.69:9200/

[2026-06-20 07:28:45] [WARN] Remote ES not reachable - skipping this cycle
[2026-06-20 07:33:02] [INFO] ============================================================
[2026-06-20 07:33:02] [INFO] Reindex Friend Flights - Started
[2026-06-20 07:33:02] [INFO]   Local ES: http://localhost:9200
[2026-06-20 07:33:02] [INFO]   Remote ES: http://100.99.130.69:9200
[2026-06-20 07:33:02] [INFO]   Remote Index: flights
[2026-06-20 07:33:02] [INFO]   Alias: flights-remote
[2026-06-20 07:33:23] [ERROR] HTTP  on Get http://100.99.130.69:9200/

[2026-06-20 07:33:23] [WARN] Remote ES not reachable - skipping this cycle
[2026-06-20 07:38:02] [INFO] ============================================================
[2026-06-20 07:38:02] [INFO] Reindex Friend Flights - Started
[2026-06-20 07:38:02] [INFO]   Local ES: http://localhost:9200
[2026-06-20 07:38:02] [INFO]   Remote ES: http://100.99.130.69:9200
[2026-06-20 07:38:02] [INFO]   Remote Index: flights
[2026-06-20 07:38:02] [INFO]   Alias: flights-remote
[2026-06-20 07:38:24] [ERROR] HTTP  on Get http://100.99.130.69:9200/

[2026-06-20 07:38:24] [WARN] Remote ES not reachable - skipping this cycle
[2026-06-20 07:43:02] [INFO] ============================================================
[2026-06-20 07:43:02] [INFO] Reindex Friend Flights - Started
[2026-06-20 07:43:02] [INFO]   Local ES: http://localhost:9200
[2026-06-20 07:43:02] [INFO]   Remote ES: http://100.99.130.69:9200
[2026-06-20 07:43:02] [INFO]   Remote Index: flights
[2026-06-20 07:43:02] [INFO]   Alias: flights-remote
[2026-06-20 07:43:23] [ERROR] HTTP  on Get http://100.99.130.69:9200/

[2026-06-20 07:43:23] [WARN] Remote ES not reachable - skipping this cycle
[2026-06-20 07:48:02] [INFO] ============================================================
[2026-06-20 07:48:02] [INFO] Reindex Friend Flights - Started
[2026-06-20 07:48:02] [INFO]   Local ES: http://localhost:9200
[2026-06-20 07:48:02] [INFO]   Remote ES: http://100.99.130.69:9200
[2026-06-20 07:48:02] [INFO]   Remote Index: flights
[2026-06-20 07:48:02] [INFO]   Alias: flights-remote
[2026-06-20 07:48:23] [ERROR] HTTP  on Get http://100.99.130.69:9200/

[2026-06-20 07:48:23] [WARN] Remote ES not reachable - skipping this cycle
[2026-06-20 07:53:02] [INFO] ============================================================
[2026-06-20 07:53:02] [INFO] Reindex Friend Flights - Started
[2026-06-20 07:53:02] [INFO]   Local ES: http://localhost:9200
[2026-06-20 07:53:02] [INFO]   Remote ES: http://100.99.130.69:9200
[2026-06-20 07:53:02] [INFO]   Remote Index: flights
[2026-06-20 07:53:02] [INFO]   Alias: flights-remote
[2026-06-20 07:53:23] [ERROR] HTTP  on Get http://100.99.130.69:9200/

[2026-06-20 07:53:23] [WARN] Remote ES not reachable - skipping this cycle
[2026-06-20 07:58:02] [INFO] ============================================================
[2026-06-20 07:58:02] [INFO] Reindex Friend Flights - Started
[2026-06-20 07:58:02] [INFO]   Local ES: http://localhost:9200
[2026-06-20 07:58:02] [INFO]   Remote ES: http://100.99.130.69:9200
[2026-06-20 07:58:02] [INFO]   Remote Index: flights
[2026-06-20 07:58:02] [INFO]   Alias: flights-remote
[2026-06-20 07:58:24] [ERROR] HTTP  on Get http://100.99.130.69:9200/

[2026-06-20 07:58:24] [WARN] Remote ES not reachable - skipping this cycle
[2026-06-20 08:03:02] [INFO] ============================================================
[2026-06-20 08:03:02] [INFO] Reindex Friend Flights - Started
[2026-06-20 08:03:02] [INFO]   Local ES: http://localhost:9200
[2026-06-20 08:03:02] [INFO]   Remote ES: http://100.99.130.69:9200
[2026-06-20 08:03:02] [INFO]   Remote Index: flights
[2026-06-20 08:03:02] [INFO]   Alias: flights-remote
[2026-06-20 08:03:23] [ERROR] HTTP  on Get http://100.99.130.69:9200/

[2026-06-20 08:03:23] [WARN] Remote ES not reachable - skipping this cycle
[2026-06-20 08:08:02] [INFO] ============================================================
[2026-06-20 08:08:02] [INFO] Reindex Friend Flights - Started
[2026-06-20 08:08:02] [INFO]   Local ES: http://localhost:9200
[2026-06-20 08:08:02] [INFO]   Remote ES: http://100.99.130.69:9200
[2026-06-20 08:08:02] [INFO]   Remote Index: flights
[2026-06-20 08:08:02] [INFO]   Alias: flights-remote
[2026-06-20 08:08:24] [ERROR] HTTP  on Get http://100.99.130.69:9200/

[2026-06-20 08:08:24] [WARN] Remote ES not reachable - skipping this cycle
[2026-06-20 08:13:09] [INFO] ============================================================
[2026-06-20 08:13:09] [INFO] Reindex Friend Flights - Started
[2026-06-20 08:13:09] [INFO]   Local ES: http://localhost:9200
[2026-06-20 08:13:09] [INFO]   Remote ES: http://100.99.130.69:9200
[2026-06-20 08:13:09] [INFO]   Remote Index: flights
[2026-06-20 08:13:09] [INFO]   Alias: flights-remote
[2026-06-20 08:13:37] [ERROR] HTTP  on Get http://100.99.130.69:9200/

[2026-06-20 08:13:37] [WARN] Remote ES not reachable - skipping this cycle
[2026-06-20 08:18:04] [INFO] ============================================================
[2026-06-20 08:18:04] [INFO] Reindex Friend Flights - Started
[2026-06-20 08:18:04] [INFO]   Local ES: http://localhost:9200
[2026-06-20 08:18:04] [INFO]   Remote ES: http://100.99.130.69:9200
[2026-06-20 08:18:04] [INFO]   Remote Index: flights
[2026-06-20 08:18:04] [INFO]   Alias: flights-remote
[2026-06-20 08:18:26] [ERROR] HTTP  on Get http://100.99.130.69:9200/

[2026-06-20 08:18:26] [WARN] Remote ES not reachable - skipping this cycle
[2026-06-20 08:23:02] [INFO] ============================================================
[2026-06-20 08:23:02] [INFO] Reindex Friend Flights - Started
[2026-06-20 08:23:02] [INFO]   Local ES: http://localhost:9200
[2026-06-20 08:23:02] [INFO]   Remote ES: http://100.99.130.69:9200
[2026-06-20 08:23:02] [INFO]   Remote Index: flights
[2026-06-20 08:23:02] [INFO]   Alias: flights-remote
[2026-06-20 08:23:23] [ERROR] HTTP  on Get http://100.99.130.69:9200/

[2026-06-20 08:23:23] [WARN] Remote ES not reachable - skipping this cycle
[2026-06-20 08:28:03] [INFO] ============================================================
[2026-06-20 08:28:03] [INFO] Reindex Friend Flights - Started
[2026-06-20 08:28:03] [INFO]   Local ES: http://localhost:9200
[2026-06-20 08:28:03] [INFO]   Remote ES: http://100.99.130.69:9200
[2026-06-20 08:28:03] [INFO]   Remote Index: flights
[2026-06-20 08:28:03] [INFO]   Alias: flights-remote
[2026-06-20 08:28:24] [ERROR] HTTP  on Get http://100.99.130.69:9200/

[2026-06-20 08:28:24] [WARN] Remote ES not reachable - skipping this cycle
[2026-06-20 08:33:02] [INFO] ============================================================
[2026-06-20 08:33:02] [INFO] Reindex Friend Flights - Started
[2026-06-20 08:33:02] [INFO]   Local ES: http://localhost:9200
[2026-06-20 08:33:02] [INFO]   Remote ES: http://100.99.130.69:9200
[2026-06-20 08:33:02] [INFO]   Remote Index: flights
[2026-06-20 08:33:02] [INFO]   Alias: flights-remote
[2026-06-20 08:33:23] [ERROR] HTTP  on Get http://100.99.130.69:9200/

[2026-06-20 08:33:23] [WARN] Remote ES not reachable - skipping this cycle
[2026-06-20 08:38:04] [INFO] ============================================================
[2026-06-20 08:38:04] [INFO] Reindex Friend Flights - Started
[2026-06-20 08:38:04] [INFO]   Local ES: http://localhost:9200
[2026-06-20 08:38:04] [INFO]   Remote ES: http://100.99.130.69:9200
[2026-06-20 08:38:04] [INFO]   Remote Index: flights
[2026-06-20 08:38:04] [INFO]   Alias: flights-remote
[2026-06-20 08:38:25] [ERROR] HTTP  on Get http://100.99.130.69:9200/

[2026-06-20 08:38:25] [WARN] Remote ES not reachable - skipping this cycle
[2026-06-20 08:43:08] [INFO] ============================================================
[2026-06-20 08:43:08] [INFO] Reindex Friend Flights - Started
[2026-06-20 08:43:08] [INFO]   Local ES: http://localhost:9200
[2026-06-20 08:43:08] [INFO]   Remote ES: http://100.99.130.69:9200
[2026-06-20 08:43:08] [INFO]   Remote Index: flights
[2026-06-20 08:43:08] [INFO]   Alias: flights-remote
[2026-06-20 08:43:30] [ERROR] HTTP  on Get http://100.99.130.69:9200/

[2026-06-20 08:43:31] [WARN] Remote ES not reachable - skipping this cycle
[2026-06-20 08:48:11] [INFO] ============================================================
[2026-06-20 08:48:12] [INFO] Reindex Friend Flights - Started
[2026-06-20 08:48:12] [INFO]   Local ES: http://localhost:9200
[2026-06-20 08:48:12] [INFO]   Remote ES: http://100.99.130.69:9200
[2026-06-20 08:48:12] [INFO]   Remote Index: flights
[2026-06-20 08:48:12] [INFO]   Alias: flights-remote
[2026-06-20 08:48:36] [ERROR] HTTP  on Get http://100.99.130.69:9200/

[2026-06-20 08:48:37] [WARN] Remote ES not reachable - skipping this cycle
[2026-06-20 08:53:18] [INFO] ============================================================
[2026-06-20 08:53:19] [INFO] Reindex Friend Flights - Started
[2026-06-20 08:53:19] [INFO]   Local ES: http://localhost:9200
[2026-06-20 08:53:19] [INFO]   Remote ES: http://100.99.130.69:9200
[2026-06-20 08:53:19] [INFO]   Remote Index: flights
[2026-06-20 08:53:19] [INFO]   Alias: flights-remote
[2026-06-20 08:53:44] [ERROR] HTTP  on Get http://100.99.130.69:9200/

[2026-06-20 08:53:46] [WARN] Remote ES not reachable - skipping this cycle
[2026-06-20 08:58:02] [INFO] ============================================================
[2026-06-20 08:58:02] [INFO] Reindex Friend Flights - Started
[2026-06-20 08:58:02] [INFO]   Local ES: http://localhost:9200
[2026-06-20 08:58:02] [INFO]   Remote ES: http://100.99.130.69:9200
[2026-06-20 08:58:02] [INFO]   Remote Index: flights
[2026-06-20 08:58:02] [INFO]   Alias: flights-remote
[2026-06-20 08:58:24] [ERROR] HTTP  on Get http://100.99.130.69:9200/

[2026-06-20 08:58:24] [WARN] Remote ES not reachable - skipping this cycle
[2026-06-20 09:03:02] [INFO] ============================================================
[2026-06-20 09:03:02] [INFO] Reindex Friend Flights - Started
[2026-06-20 09:03:02] [INFO]   Local ES: http://localhost:9200
[2026-06-20 09:03:02] [INFO]   Remote ES: http://100.99.130.69:9200
[2026-06-20 09:03:02] [INFO]   Remote Index: flights
[2026-06-20 09:03:02] [INFO]   Alias: flights-remote
[2026-06-20 09:33:02] [INFO] ============================================================
[2026-06-20 09:33:02] [INFO] Reindex Friend Flights - Started
[2026-06-20 09:33:02] [INFO]   Local ES: http://localhost:9200
[2026-06-20 09:33:02] [INFO]   Remote ES: http://100.99.130.69:9200
[2026-06-20 09:33:02] [INFO]   Remote Index: flights
[2026-06-20 09:33:02] [INFO]   Alias: flights-remote
[2026-06-20 09:33:24] [ERROR] HTTP  on Get http://100.99.130.69:9200/

[2026-06-20 09:33:24] [WARN] Remote ES not reachable - skipping this cycle
[2026-06-20 09:38:02] [INFO] ============================================================
[2026-06-20 09:38:02] [INFO] Reindex Friend Flights - Started
[2026-06-20 09:38:02] [INFO]   Local ES: http://localhost:9200
[2026-06-20 09:38:02] [INFO]   Remote ES: http://100.99.130.69:9200
[2026-06-20 09:38:02] [INFO]   Remote Index: flights
[2026-06-20 09:38:02] [INFO]   Alias: flights-remote
[2026-06-20 09:38:23] [ERROR] HTTP  on Get http://100.99.130.69:9200/

[2026-06-20 09:38:23] [WARN] Remote ES not reachable - skipping this cycle
[2026-06-20 09:43:02] [INFO] ============================================================
[2026-06-20 09:43:02] [INFO] Reindex Friend Flights - Started
[2026-06-20 09:43:02] [INFO]   Local ES: http://localhost:9200
[2026-06-20 09:43:02] [INFO]   Remote ES: http://100.99.130.69:9200
[2026-06-20 09:43:02] [INFO]   Remote Index: flights
[2026-06-20 09:43:02] [INFO]   Alias: flights-remote
[2026-06-20 09:43:23] [ERROR] HTTP  on Get http://100.99.130.69:9200/

[2026-06-20 09:43:23] [WARN] Remote ES not reachable - skipping this cycle
[2026-06-20 09:48:02] [INFO] ============================================================
[2026-06-20 09:48:02] [INFO] Reindex Friend Flights - Started
[2026-06-20 09:48:02] [INFO]   Local ES: http://localhost:9200
[2026-06-20 09:48:02] [INFO]   Remote ES: http://100.99.130.69:9200
[2026-06-20 09:48:02] [INFO]   Remote Index: flights
[2026-06-20 09:48:02] [INFO]   Alias: flights-remote
[2026-06-20 09:48:23] [ERROR] HTTP  on Get http://100.99.130.69:9200/

[2026-06-20 09:48:23] [WARN] Remote ES not reachable - skipping this cycle
[2026-06-20 10:43:03] [INFO] ============================================================
[2026-06-20 10:43:03] [INFO] Reindex Friend Flights - Started
[2026-06-20 10:43:03] [INFO]   Local ES: http://localhost:9200
[2026-06-20 10:43:03] [INFO]   Remote ES: http://100.99.130.69:9200
[2026-06-20 10:43:03] [INFO]   Remote Index: flights
[2026-06-20 10:43:03] [INFO]   Alias: flights-remote
[2026-06-20 10:43:25] [ERROR] HTTP  on Get http://100.99.130.69:9200/

[2026-06-20 10:43:25] [WARN] Remote ES not reachable - skipping this cycle
[2026-06-20 10:53:04] [INFO] ============================================================
[2026-06-20 10:53:04] [INFO] Reindex Friend Flights - Started
[2026-06-20 10:53:04] [INFO]   Local ES: http://localhost:9200
[2026-06-20 10:53:04] [INFO]   Remote ES: http://100.99.130.69:9200
[2026-06-20 10:53:04] [INFO]   Remote Index: flights
[2026-06-20 10:53:04] [INFO]   Alias: flights-remote
[2026-06-20 10:53:25] [ERROR] HTTP  on Get http://100.99.130.69:9200/

[2026-06-20 10:53:25] [WARN] Remote ES not reachable - skipping this cycle
[2026-06-20 10:58:02] [INFO] ============================================================
[2026-06-20 10:58:02] [INFO] Reindex Friend Flights - Started
[2026-06-20 10:58:02] [INFO]   Local ES: http://localhost:9200
[2026-06-20 10:58:02] [INFO]   Remote ES: http://100.99.130.69:9200
[2026-06-20 10:58:02] [INFO]   Remote Index: flights
[2026-06-20 10:58:02] [INFO]   Alias: flights-remote
[2026-06-20 10:58:24] [ERROR] HTTP  on Get http://100.99.130.69:9200/

[2026-06-20 10:58:24] [WARN] Remote ES not reachable - skipping this cycle
[2026-06-20 11:03:04] [INFO] ============================================================
[2026-06-20 11:03:04] [INFO] Reindex Friend Flights - Started
[2026-06-20 11:03:04] [INFO]   Local ES: http://localhost:9200
[2026-06-20 11:03:04] [INFO]   Remote ES: http://100.99.130.69:9200
[2026-06-20 11:03:04] [INFO]   Remote Index: flights
[2026-06-20 11:03:04] [INFO]   Alias: flights-remote
[2026-06-20 11:03:26] [ERROR] HTTP  on Get http://100.99.130.69:9200/

[2026-06-20 11:03:26] [WARN] Remote ES not reachable - skipping this cycle
[2026-06-20 11:08:02] [INFO] ============================================================
[2026-06-20 11:08:03] [INFO] Reindex Friend Flights - Started
[2026-06-20 11:08:03] [INFO]   Local ES: http://localhost:9200
[2026-06-20 11:08:03] [INFO]   Remote ES: http://100.99.130.69:9200
[2026-06-20 11:08:03] [INFO]   Remote Index: flights
[2026-06-20 11:08:03] [INFO]   Alias: flights-remote
[2026-06-20 11:08:24] [ERROR] HTTP  on Get http://100.99.130.69:9200/

[2026-06-20 11:08:24] [WARN] Remote ES not reachable - skipping this cycle
[2026-06-20 11:13:02] [INFO] ============================================================
[2026-06-20 11:13:02] [INFO] Reindex Friend Flights - Started
[2026-06-20 11:13:02] [INFO]   Local ES: http://localhost:9200
[2026-06-20 11:13:02] [INFO]   Remote ES: http://100.99.130.69:9200
[2026-06-20 11:13:02] [INFO]   Remote Index: flights
[2026-06-20 11:13:02] [INFO]   Alias: flights-remote
[2026-06-20 11:13:24] [ERROR] HTTP  on Get http://100.99.130.69:9200/

[2026-06-20 11:13:24] [WARN] Remote ES not reachable - skipping this cycle
[2026-06-20 11:18:02] [INFO] ============================================================
[2026-06-20 11:18:02] [INFO] Reindex Friend Flights - Started
[2026-06-20 11:18:02] [INFO]   Local ES: http://localhost:9200
[2026-06-20 11:18:02] [INFO]   Remote ES: http://100.99.130.69:9200
[2026-06-20 11:18:02] [INFO]   Remote Index: flights
[2026-06-20 11:18:03] [INFO]   Alias: flights-remote
[2026-06-20 11:18:24] [ERROR] HTTP  on Get http://100.99.130.69:9200/

[2026-06-20 11:18:24] [WARN] Remote ES not reachable - skipping this cycle
[2026-06-20 11:23:02] [INFO] ============================================================
[2026-06-20 11:23:02] [INFO] Reindex Friend Flights - Started
[2026-06-20 11:23:02] [INFO]   Local ES: http://localhost:9200
[2026-06-20 11:23:02] [INFO]   Remote ES: http://100.99.130.69:9200
[2026-06-20 11:23:02] [INFO]   Remote Index: flights
[2026-06-20 11:23:02] [INFO]   Alias: flights-remote
[2026-06-20 11:23:23] [ERROR] HTTP  on Get http://100.99.130.69:9200/

[2026-06-20 11:23:23] [WARN] Remote ES not reachable - skipping this cycle
[2026-06-20 11:28:02] [INFO] ============================================================
[2026-06-20 11:28:03] [INFO] Reindex Friend Flights - Started
[2026-06-20 11:28:03] [INFO]   Local ES: http://localhost:9200
[2026-06-20 11:28:03] [INFO]   Remote ES: http://100.99.130.69:9200
[2026-06-20 11:28:03] [INFO]   Remote Index: flights
[2026-06-20 11:28:03] [INFO]   Alias: flights-remote
[2026-06-20 11:28:24] [ERROR] HTTP  on Get http://100.99.130.69:9200/

[2026-06-20 11:28:24] [WARN] Remote ES not reachable - skipping this cycle
[2026-06-20 11:33:03] [INFO] ============================================================
[2026-06-20 11:33:03] [INFO] Reindex Friend Flights - Started
[2026-06-20 11:33:03] [INFO]   Local ES: http://localhost:9200
[2026-06-20 11:33:03] [INFO]   Remote ES: http://100.99.130.69:9200
[2026-06-20 11:33:03] [INFO]   Remote Index: flights
[2026-06-20 11:33:03] [INFO]   Alias: flights-remote
[2026-06-20 11:33:24] [ERROR] HTTP  on Get http://100.99.130.69:9200/

[2026-06-20 11:33:24] [WARN] Remote ES not reachable - skipping this cycle
[2026-06-20 11:38:03] [INFO] ============================================================
[2026-06-20 11:38:03] [INFO] Reindex Friend Flights - Started
[2026-06-20 11:38:03] [INFO]   Local ES: http://localhost:9200
[2026-06-20 11:38:03] [INFO]   Remote ES: http://100.99.130.69:9200
[2026-06-20 11:38:03] [INFO]   Remote Index: flights
[2026-06-20 11:38:03] [INFO]   Alias: flights-remote
[2026-06-20 11:38:24] [ERROR] HTTP  on Get http://100.99.130.69:9200/

[2026-06-20 11:38:24] [WARN] Remote ES not reachable - skipping this cycle
[2026-06-20 11:43:04] [INFO] ============================================================
[2026-06-20 11:43:04] [INFO] Reindex Friend Flights - Started
[2026-06-20 11:43:04] [INFO]   Local ES: http://localhost:9200
[2026-06-20 11:43:04] [INFO]   Remote ES: http://100.99.130.69:9200
[2026-06-20 11:43:04] [INFO]   Remote Index: flights
[2026-06-20 11:43:04] [INFO]   Alias: flights-remote
[2026-06-20 11:43:25] [ERROR] HTTP  on Get http://100.99.130.69:9200/

[2026-06-20 11:43:25] [WARN] Remote ES not reachable - skipping this cycle
[2026-06-20 11:48:04] [INFO] ============================================================
[2026-06-20 11:48:04] [INFO] Reindex Friend Flights - Started
[2026-06-20 11:48:04] [INFO]   Local ES: http://localhost:9200
[2026-06-20 11:48:04] [INFO]   Remote ES: http://100.99.130.69:9200
[2026-06-20 11:48:04] [INFO]   Remote Index: flights
[2026-06-20 11:48:04] [INFO]   Alias: flights-remote
[2026-06-20 11:48:25] [ERROR] HTTP  on Get http://100.99.130.69:9200/

[2026-06-20 11:48:25] [WARN] Remote ES not reachable - skipping this cycle
[2026-06-20 11:53:03] [INFO] ============================================================
[2026-06-20 11:53:03] [INFO] Reindex Friend Flights - Started
[2026-06-20 11:53:03] [INFO]   Local ES: http://localhost:9200
[2026-06-20 11:53:03] [INFO]   Remote ES: http://100.99.130.69:9200
[2026-06-20 11:53:03] [INFO]   Remote Index: flights
[2026-06-20 11:53:03] [INFO]   Alias: flights-remote
[2026-06-20 11:53:24] [ERROR] HTTP  on Get http://100.99.130.69:9200/

[2026-06-20 11:53:25] [WARN] Remote ES not reachable - skipping this cycle
[2026-06-20 11:58:03] [INFO] ============================================================
[2026-06-20 11:58:03] [INFO] Reindex Friend Flights - Started
[2026-06-20 11:58:03] [INFO]   Local ES: http://localhost:9200
[2026-06-20 11:58:03] [INFO]   Remote ES: http://100.99.130.69:9200
[2026-06-20 11:58:03] [INFO]   Remote Index: flights
[2026-06-20 11:58:03] [INFO]   Alias: flights-remote
[2026-06-20 11:58:24] [ERROR] HTTP  on Get http://100.99.130.69:9200/

[2026-06-20 11:58:24] [WARN] Remote ES not reachable - skipping this cycle
[2026-06-20 12:03:03] [INFO] ============================================================
[2026-06-20 12:03:03] [INFO] Reindex Friend Flights - Started
[2026-06-20 12:03:03] [INFO]   Local ES: http://localhost:9200
[2026-06-20 12:03:03] [INFO]   Remote ES: http://100.99.130.69:9200
[2026-06-20 12:03:03] [INFO]   Remote Index: flights
[2026-06-20 12:03:03] [INFO]   Alias: flights-remote
[2026-06-20 12:03:24] [ERROR] HTTP  on Get http://100.99.130.69:9200/

[2026-06-20 12:03:24] [WARN] Remote ES not reachable - skipping this cycle
[2026-06-20 12:08:03] [INFO] ============================================================
[2026-06-20 12:08:03] [INFO] Reindex Friend Flights - Started
[2026-06-20 12:08:03] [INFO]   Local ES: http://localhost:9200
[2026-06-20 12:08:03] [INFO]   Remote ES: http://100.99.130.69:9200
[2026-06-20 12:08:03] [INFO]   Remote Index: flights
[2026-06-20 12:08:03] [INFO]   Alias: flights-remote
[2026-06-20 12:08:24] [ERROR] HTTP  on Get http://100.99.130.69:9200/

[2026-06-20 12:08:24] [WARN] Remote ES not reachable - skipping this cycle
[2026-06-20 12:13:02] [INFO] ============================================================
[2026-06-20 12:13:02] [INFO] Reindex Friend Flights - Started
[2026-06-20 12:13:02] [INFO]   Local ES: http://localhost:9200
[2026-06-20 12:13:02] [INFO]   Remote ES: http://100.99.130.69:9200
[2026-06-20 12:13:02] [INFO]   Remote Index: flights
[2026-06-20 12:13:02] [INFO]   Alias: flights-remote
[2026-06-20 12:13:24] [ERROR] HTTP  on Get http://100.99.130.69:9200/

[2026-06-20 12:13:24] [WARN] Remote ES not reachable - skipping this cycle
[2026-06-20 12:18:02] [INFO] ============================================================
[2026-06-20 12:18:02] [INFO] Reindex Friend Flights - Started
[2026-06-20 12:18:02] [INFO]   Local ES: http://localhost:9200
[2026-06-20 12:18:02] [INFO]   Remote ES: http://100.99.130.69:9200
[2026-06-20 12:18:02] [INFO]   Remote Index: flights
[2026-06-20 12:18:02] [INFO]   Alias: flights-remote
[2026-06-20 12:18:24] [ERROR] HTTP  on Get http://100.99.130.69:9200/

[2026-06-20 12:18:24] [WARN] Remote ES not reachable - skipping this cycle
[2026-06-20 12:23:02] [INFO] ============================================================
[2026-06-20 12:23:02] [INFO] Reindex Friend Flights - Started
[2026-06-20 12:23:02] [INFO]   Local ES: http://localhost:9200
[2026-06-20 12:23:02] [INFO]   Remote ES: http://100.99.130.69:9200
[2026-06-20 12:23:02] [INFO]   Remote Index: flights
[2026-06-20 12:23:02] [INFO]   Alias: flights-remote
[2026-06-20 12:23:24] [ERROR] HTTP  on Get http://100.99.130.69:9200/

[2026-06-20 12:23:24] [WARN] Remote ES not reachable - skipping this cycle
[2026-06-20 12:28:03] [INFO] ============================================================
[2026-06-20 12:28:03] [INFO] Reindex Friend Flights - Started
[2026-06-20 12:28:03] [INFO]   Local ES: http://localhost:9200
[2026-06-20 12:28:03] [INFO]   Remote ES: http://100.99.130.69:9200
[2026-06-20 12:28:03] [INFO]   Remote Index: flights
[2026-06-20 12:28:03] [INFO]   Alias: flights-remote
[2026-06-20 12:28:24] [ERROR] HTTP  on Get http://100.99.130.69:9200/

[2026-06-20 12:28:24] [WARN] Remote ES not reachable - skipping this cycle
[2026-06-20 12:33:03] [INFO] ============================================================
[2026-06-20 12:33:03] [INFO] Reindex Friend Flights - Started
[2026-06-20 12:33:03] [INFO]   Local ES: http://localhost:9200
[2026-06-20 12:33:03] [INFO]   Remote ES: http://100.99.130.69:9200
[2026-06-20 12:33:03] [INFO]   Remote Index: flights
[2026-06-20 12:33:03] [INFO]   Alias: flights-remote
[2026-06-20 12:33:24] [ERROR] HTTP  on Get http://100.99.130.69:9200/

[2026-06-20 12:33:24] [WARN] Remote ES not reachable - skipping this cycle
[2026-06-20 12:38:02] [INFO] ============================================================
[2026-06-20 12:38:02] [INFO] Reindex Friend Flights - Started
[2026-06-20 12:38:02] [INFO]   Local ES: http://localhost:9200
[2026-06-20 12:38:02] [INFO]   Remote ES: http://100.99.130.69:9200
[2026-06-20 12:38:02] [INFO]   Remote Index: flights
[2026-06-20 12:38:02] [INFO]   Alias: flights-remote
[2026-06-20 12:38:24] [ERROR] HTTP  on Get http://100.99.130.69:9200/

[2026-06-20 12:38:24] [WARN] Remote ES not reachable - skipping this cycle
[2026-06-20 12:43:02] [INFO] ============================================================
[2026-06-20 12:43:02] [INFO] Reindex Friend Flights - Started
[2026-06-20 12:43:02] [INFO]   Local ES: http://localhost:9200
[2026-06-20 12:43:02] [INFO]   Remote ES: http://100.99.130.69:9200
[2026-06-20 12:43:02] [INFO]   Remote Index: flights
[2026-06-20 12:43:02] [INFO]   Alias: flights-remote
[2026-06-20 12:43:24] [ERROR] HTTP  on Get http://100.99.130.69:9200/

[2026-06-20 12:43:24] [WARN] Remote ES not reachable - skipping this cycle
[2026-06-20 12:48:02] [INFO] ============================================================
[2026-06-20 12:48:02] [INFO] Reindex Friend Flights - Started
[2026-06-20 12:48:02] [INFO]   Local ES: http://localhost:9200
[2026-06-20 12:48:02] [INFO]   Remote ES: http://100.99.130.69:9200
[2026-06-20 12:48:02] [INFO]   Remote Index: flights
[2026-06-20 12:48:02] [INFO]   Alias: flights-remote
[2026-06-20 12:48:24] [ERROR] HTTP  on Get http://100.99.130.69:9200/

[2026-06-20 12:48:24] [WARN] Remote ES not reachable - skipping this cycle
[2026-06-20 12:53:02] [INFO] ============================================================
[2026-06-20 12:53:03] [INFO] Reindex Friend Flights - Started
[2026-06-20 12:53:03] [INFO]   Local ES: http://localhost:9200
[2026-06-20 12:53:03] [INFO]   Remote ES: http://100.99.130.69:9200
[2026-06-20 12:53:03] [INFO]   Remote Index: flights
[2026-06-20 12:53:03] [INFO]   Alias: flights-remote
[2026-06-20 12:53:24] [ERROR] HTTP  on Get http://100.99.130.69:9200/

[2026-06-20 12:53:24] [WARN] Remote ES not reachable - skipping this cycle
[2026-06-20 12:58:02] [INFO] ============================================================
[2026-06-20 12:58:02] [INFO] Reindex Friend Flights - Started
[2026-06-20 12:58:02] [INFO]   Local ES: http://localhost:9200
[2026-06-20 12:58:02] [INFO]   Remote ES: http://100.99.130.69:9200
[2026-06-20 12:58:02] [INFO]   Remote Index: flights
[2026-06-20 12:58:02] [INFO]   Alias: flights-remote
[2026-06-20 12:58:23] [ERROR] HTTP  on Get http://100.99.130.69:9200/

[2026-06-20 12:58:24] [WARN] Remote ES not reachable - skipping this cycle
[2026-06-20 16:43:10] [INFO] ============================================================
[2026-06-20 16:43:10] [INFO] Reindex Friend Flights - Started
[2026-06-20 16:43:10] [INFO]   Local ES: http://localhost:9200
[2026-06-20 16:43:10] [INFO]   Remote ES: http://100.99.130.69:9200
[2026-06-20 16:43:10] [INFO]   Remote Index: flights
[2026-06-20 16:43:10] [INFO]   Alias: flights-remote
[2026-06-20 16:43:32] [ERROR] HTTP  on Get http://100.99.130.69:9200/

[2026-06-20 16:43:32] [WARN] Remote ES not reachable - skipping this cycle
[2026-06-20 16:48:02] [INFO] ============================================================
[2026-06-20 16:48:02] [INFO] Reindex Friend Flights - Started
[2026-06-20 16:48:02] [INFO]   Local ES: http://localhost:9200
[2026-06-20 16:48:02] [INFO]   Remote ES: http://100.99.130.69:9200
[2026-06-20 16:48:02] [INFO]   Remote Index: flights
[2026-06-20 16:48:02] [INFO]   Alias: flights-remote
[2026-06-20 16:48:23] [ERROR] HTTP  on Get http://100.99.130.69:9200/

[2026-06-20 16:48:24] [WARN] Remote ES not reachable - skipping this cycle
[2026-06-20 16:53:02] [INFO] ============================================================
[2026-06-20 16:53:02] [INFO] Reindex Friend Flights - Started
[2026-06-20 16:53:02] [INFO]   Local ES: http://localhost:9200
[2026-06-20 16:53:02] [INFO]   Remote ES: http://100.99.130.69:9200
[2026-06-20 16:53:02] [INFO]   Remote Index: flights
[2026-06-20 16:53:02] [INFO]   Alias: flights-remote
[2026-06-20 16:53:23] [ERROR] HTTP  on Get http://100.99.130.69:9200/

[2026-06-20 16:53:23] [WARN] Remote ES not reachable - skipping this cycle
[2026-06-20 16:58:03] [INFO] ============================================================
[2026-06-20 16:58:03] [INFO] Reindex Friend Flights - Started
[2026-06-20 16:58:03] [INFO]   Local ES: http://localhost:9200
[2026-06-20 16:58:03] [INFO]   Remote ES: http://100.99.130.69:9200
[2026-06-20 16:58:03] [INFO]   Remote Index: flights
[2026-06-20 16:58:03] [INFO]   Alias: flights-remote
[2026-06-20 16:58:24] [ERROR] HTTP  on Get http://100.99.130.69:9200/

[2026-06-20 16:58:24] [WARN] Remote ES not reachable - skipping this cycle
[2026-06-20 17:03:02] [INFO] ============================================================
[2026-06-20 17:03:02] [INFO] Reindex Friend Flights - Started
[2026-06-20 17:03:02] [INFO]   Local ES: http://localhost:9200
[2026-06-20 17:03:02] [INFO]   Remote ES: http://100.99.130.69:9200
[2026-06-20 17:03:02] [INFO]   Remote Index: flights
[2026-06-20 17:03:02] [INFO]   Alias: flights-remote
[2026-06-20 17:03:23] [ERROR] HTTP  on Get http://100.99.130.69:9200/

[2026-06-20 17:03:23] [WARN] Remote ES not reachable - skipping this cycle
[2026-06-20 17:08:02] [INFO] ============================================================
[2026-06-20 17:08:02] [INFO] Reindex Friend Flights - Started
[2026-06-20 17:08:02] [INFO]   Local ES: http://localhost:9200
[2026-06-20 17:08:02] [INFO]   Remote ES: http://100.99.130.69:9200
[2026-06-20 17:08:02] [INFO]   Remote Index: flights
[2026-06-20 17:08:02] [INFO]   Alias: flights-remote
[2026-06-20 17:08:23] [ERROR] HTTP  on Get http://100.99.130.69:9200/

[2026-06-20 17:08:23] [WARN] Remote ES not reachable - skipping this cycle
[2026-06-20 17:13:02] [INFO] ============================================================
[2026-06-20 17:13:02] [INFO] Reindex Friend Flights - Started
[2026-06-20 17:13:02] [INFO]   Local ES: http://localhost:9200
[2026-06-20 17:13:02] [INFO]   Remote ES: http://100.99.130.69:9200
[2026-06-20 17:13:02] [INFO]   Remote Index: flights
[2026-06-20 17:13:02] [INFO]   Alias: flights-remote
[2026-06-20 17:13:23] [ERROR] HTTP  on Get http://100.99.130.69:9200/

[2026-06-20 17:13:23] [WARN] Remote ES not reachable - skipping this cycle
[2026-06-20 17:18:02] [INFO] ============================================================
[2026-06-20 17:18:02] [INFO] Reindex Friend Flights - Started
[2026-06-20 17:18:02] [INFO]   Local ES: http://localhost:9200
[2026-06-20 17:18:02] [INFO]   Remote ES: http://100.99.130.69:9200
[2026-06-20 17:18:02] [INFO]   Remote Index: flights
[2026-06-20 17:18:02] [INFO]   Alias: flights-remote
[2026-06-20 17:18:23] [ERROR] HTTP  on Get http://100.99.130.69:9200/

[2026-06-20 17:18:23] [WARN] Remote ES not reachable - skipping this cycle
[2026-06-20 17:35:42] [INFO] ============================================================
[2026-06-20 17:35:42] [INFO] Reindex Friend Flights - Started
[2026-06-20 17:35:42] [INFO]   Local ES: http://localhost:9200
[2026-06-20 17:35:42] [INFO]   Remote ES: http://100.99.130.69:9200
[2026-06-20 17:35:42] [INFO]   Remote Index: flights
[2026-06-20 17:35:42] [INFO]   Alias: flights-remote
[2026-06-20 17:36:04] [ERROR] HTTP  on Get http://100.99.130.69:9200/

[2026-06-20 17:36:04] [WARN] Remote ES not reachable - skipping this cycle
[2026-06-20 17:38:02] [INFO] ============================================================
[2026-06-20 17:38:02] [INFO] Reindex Friend Flights - Started
[2026-06-20 17:38:02] [INFO]   Local ES: http://localhost:9200
[2026-06-20 17:38:02] [INFO]   Remote ES: http://100.99.130.69:9200
[2026-06-20 17:38:02] [INFO]   Remote Index: flights
[2026-06-20 17:38:02] [INFO]   Alias: flights-remote
[2026-06-20 17:38:23] [ERROR] HTTP  on Get http://100.99.130.69:9200/

[2026-06-20 17:38:23] [WARN] Remote ES not reachable - skipping this cycle
[2026-06-20 17:43:02] [INFO] ============================================================
[2026-06-20 17:43:02] [INFO] Reindex Friend Flights - Started
[2026-06-20 17:43:02] [INFO]   Local ES: http://localhost:9200
[2026-06-20 17:43:02] [INFO]   Remote ES: http://100.99.130.69:9200
[2026-06-20 17:43:02] [INFO]   Remote Index: flights
[2026-06-20 17:43:02] [INFO]   Alias: flights-remote
[2026-06-20 17:43:23] [ERROR] HTTP  on Get http://100.99.130.69:9200/

[2026-06-20 17:43:23] [WARN] Remote ES not reachable - skipping this cycle
[2026-06-20 17:48:02] [INFO] ============================================================
[2026-06-20 17:48:03] [INFO] Reindex Friend Flights - Started
[2026-06-20 17:48:03] [INFO]   Local ES: http://localhost:9200
[2026-06-20 17:48:03] [INFO]   Remote ES: http://100.99.130.69:9200
[2026-06-20 17:48:03] [INFO]   Remote Index: flights
[2026-06-20 17:48:03] [INFO]   Alias: flights-remote
[2026-06-20 17:48:24] [ERROR] HTTP  on Get http://100.99.130.69:9200/

[2026-06-20 17:48:24] [WARN] Remote ES not reachable - skipping this cycle
[2026-06-20 17:53:02] [INFO] ============================================================
[2026-06-20 17:53:02] [INFO] Reindex Friend Flights - Started
[2026-06-20 17:53:02] [INFO]   Local ES: http://localhost:9200
[2026-06-20 17:53:02] [INFO]   Remote ES: http://100.99.130.69:9200
[2026-06-20 17:53:02] [INFO]   Remote Index: flights
[2026-06-20 17:53:02] [INFO]   Alias: flights-remote
[2026-06-20 17:53:23] [ERROR] HTTP  on Get http://100.99.130.69:9200/

[2026-06-20 17:53:23] [WARN] Remote ES not reachable - skipping this cycle
[2026-06-20 17:58:02] [INFO] ============================================================
[2026-06-20 17:58:02] [INFO] Reindex Friend Flights - Started
[2026-06-20 17:58:02] [INFO]   Local ES: http://localhost:9200
[2026-06-20 17:58:02] [INFO]   Remote ES: http://100.99.130.69:9200
[2026-06-20 17:58:02] [INFO]   Remote Index: flights
[2026-06-20 17:58:02] [INFO]   Alias: flights-remote
[2026-06-20 17:58:23] [ERROR] HTTP  on Get http://100.99.130.69:9200/

[2026-06-20 17:58:23] [WARN] Remote ES not reachable - skipping this cycle
[2026-06-23 20:42:50] [INFO] ============================================================
[2026-06-23 20:42:50] [INFO] Reindex Friend Flights - Started
[2026-06-23 20:42:50] [INFO]   Local ES: http://localhost:9200
[2026-06-23 20:42:50] [INFO]   Remote ES: http://100.99.130.69:9200
[2026-06-23 20:42:50] [INFO]   Remote Index: flights
[2026-06-23 20:42:50] [INFO]   Alias: flights-remote
[2026-06-23 20:42:50] [INFO] Remote ES connected: 0ec28d262ae5 (8.11.0)
[2026-06-23 20:42:50] [INFO]   Current gen: 2 -> New gen: 3 (index: flights-remote-3)
[2026-06-23 20:42:50] [INFO] Fetching remote mapping...
[2026-06-23 20:42:50] [ERROR] HTTP NotFound on Get http://localhost:9200/flights-remote-3

[2026-06-23 20:42:51] [INFO] Created index: flights-remote-3
[2026-06-23 20:42:51] [INFO] Starting reindex from http://100.99.130.69:9200/flights to flights-remote-3 ...
[2026-06-23 21:12:51] [ERROR] HTTP  on Post http://localhost:9200/_reindex?wait_for_completion=true

[2026-06-23 21:12:51] [WARN] Sync reindex timed out, trying async...
[2026-06-23 21:12:51] [INFO] Reindex task: axfaz5_sTGGjhpjz1yE3fg:176209, waiting for completion...
[2026-06-23 21:13:01] [INFO]   Progress: 0 / 3593754 docs
[2026-06-23 21:13:12] [INFO]   Progress: 0 / 3593754 docs
[2026-06-23 21:13:22] [INFO]   Progress: 0 / 3593754 docs
[2026-06-23 21:13:32] [INFO]   Progress: 0 / 3593754 docs
[2026-06-23 21:13:42] [INFO]   Progress: 0 / 3593754 docs
[2026-06-23 21:13:52] [INFO]   Progress: 0 / 3593754 docs
[2026-06-23 21:14:02] [INFO]   Progress: 0 / 3593754 docs
[2026-06-23 21:14:12] [INFO]   Progress: 0 / 3593754 docs
[2026-06-23 21:14:22] [INFO]   Progress: 0 / 3593754 docs
[2026-06-23 21:14:32] [INFO]   Progress: 0 / 3593754 docs
[2026-06-23 21:14:42] [INFO]   Progress: 0 / 3593754 docs
[2026-06-23 21:14:52] [INFO]   Progress: 0 / 3593754 docs
[2026-06-23 21:15:02] [INFO]   Progress: 0 / 3593754 docs
[2026-06-23 21:15:12] [INFO]   Progress: 0 / 3593754 docs
[2026-06-23 21:15:22] [INFO]   Progress: 0 / 3593754 docs
[2026-06-23 21:15:32] [INFO]   Progress: 0 / 3593754 docs
[2026-06-23 21:15:42] [INFO]   Progress: 0 / 3593754 docs
[2026-06-23 21:15:52] [INFO]   Progress: 0 / 3593754 docs
[2026-06-23 21:16:02] [INFO]   Progress: 0 / 3593754 docs
[2026-06-23 21:16:12] [INFO]   Progress: 0 / 3593754 docs
[2026-06-23 21:16:22] [INFO]   Progress: 0 / 3593754 docs
[2026-06-23 21:16:32] [INFO]   Progress: 0 / 3593754 docs
[2026-06-23 21:16:42] [INFO]   Progress: 0 / 3593754 docs
[2026-06-23 21:16:52] [INFO]   Progress: 0 / 3593754 docs
[2026-06-23 21:17:02] [INFO]   Progress: 0 / 3593754 docs
[2026-06-23 21:17:12] [INFO]   Progress: 0 / 3593754 docs
[2026-06-23 21:17:22] [INFO]   Progress: 0 / 3593754 docs
[2026-06-23 21:17:32] [INFO]   Progress: 0 / 3593754 docs
[2026-06-23 21:17:42] [INFO]   Progress: 0 / 3593754 docs
[2026-06-23 21:17:52] [INFO]   Progress: 0 / 3593754 docs
[2026-06-23 21:18:02] [INFO]   Progress: 0 / 3593754 docs
[2026-06-23 21:18:12] [INFO]   Progress: 0 / 3593754 docs
[2026-06-23 21:18:22] [INFO]   Progress: 0 / 3593754 docs
[2026-06-23 21:18:32] [INFO]   Progress: 0 / 3593754 docs
[2026-06-23 21:18:42] [INFO]   Progress: 0 / 3593754 docs
[2026-06-23 21:18:52] [INFO]   Progress: 0 / 3593754 docs
[2026-06-23 21:19:02] [INFO]   Progress: 0 / 3593754 docs
[2026-06-23 21:19:12] [INFO]   Progress: 0 / 3593754 docs
[2026-06-23 21:19:22] [INFO]   Progress: 0 / 3593754 docs
[2026-06-23 21:19:32] [INFO]   Progress: 0 / 3593754 docs
[2026-06-23 21:19:42] [INFO]   Progress: 0 / 3593754 docs
[2026-06-23 21:19:52] [INFO]   Progress: 0 / 3593754 docs
[2026-06-23 21:20:02] [INFO]   Progress: 0 / 3593754 docs
[2026-06-23 21:20:12] [INFO]   Progress: 0 / 3593754 docs
[2026-06-23 21:20:22] [INFO]   Progress: 0 / 3593754 docs
[2026-06-23 21:20:32] [INFO]   Progress: 0 / 3593754 docs
[2026-06-23 21:20:42] [INFO]   Progress: 0 / 3593754 docs
[2026-06-23 21:20:52] [INFO]   Progress: 0 / 3593754 docs
[2026-06-23 21:21:02] [INFO]   Progress: 0 / 3593754 docs
[2026-06-23 21:21:12] [INFO]   Progress: 0 / 3593754 docs
[2026-06-23 21:21:22] [INFO]   Progress: 0 / 3593754 docs
[2026-06-23 21:21:32] [INFO]   Progress: 0 / 3593754 docs
[2026-06-23 21:21:42] [INFO]   Progress: 0 / 3593754 docs
[2026-06-23 21:21:52] [INFO]   Progress: 0 / 3593754 docs
[2026-06-23 21:22:02] [INFO]   Progress: 0 / 3593754 docs
[2026-06-23 21:22:13] [INFO]   Progress: 0 / 3593754 docs
[2026-06-23 21:22:23] [INFO]   Progress: 0 / 3593754 docs
[2026-06-23 21:22:33] [INFO]   Progress: 0 / 3593754 docs
